
> squiresprojectcursor@0.0.0 build
> tsc -b && vite build

src/App.tsx(11,3): error TS6133: 'CardFooter' is declared but its value is never read.
src/App.tsx(41,7): error TS6133: 'SUNDAY_TIME_IDS' is declared but its value is never read.
